<?xml version="1.0" encoding="UTF-8"?>
<dataset>
	<table name="Publisher">
		<column>Id</column>
		<column>Name</column>
		<row>
			<value>1</value>
			<value>MGM</value>
		</row>
	</table>
	<table name="Movie">
		<column>TITLE</column>
		<column>YEAR</column>
		<column>PUBLISHER_ID</column>
		<row>
			<value>My Movie</value>
			<value>2014</value>
			<value>1</value>
		</row>			
	</table>
</dataset>